Archive member included to satisfy reference by file (symbol)

c:/coocox/gnu/bin/../lib/gcc/arm-none-eabi/5.2.1/armv7e-m\libgcc.a(_arm_addsubdf3.o)
                              ..\obj\main.o (__aeabi_dadd)
c:/coocox/gnu/bin/../lib/gcc/arm-none-eabi/5.2.1/armv7e-m\libgcc.a(_arm_muldivdf3.o)
                              ..\obj\main.o (__aeabi_dmul)
c:/coocox/gnu/bin/../lib/gcc/arm-none-eabi/5.2.1/armv7e-m\libgcc.a(_arm_truncdfsf2.o)
                              ..\obj\main.o (__aeabi_d2f)
c:/coocox/gnu/bin/../lib/gcc/arm-none-eabi/5.2.1/armv7e-m\libgcc.a(_arm_addsubsf3.o)
                              ..\obj\main.o (__aeabi_fsub)
c:/coocox/gnu/bin/../lib/gcc/arm-none-eabi/5.2.1/armv7e-m\libgcc.a(_arm_muldivsf3.o)
                              ..\obj\main.o (__aeabi_fmul)
c:/coocox/gnu/bin/../lib/gcc/arm-none-eabi/5.2.1/armv7e-m\libgcc.a(_arm_cmpsf2.o)
                              ..\obj\main.o (__aeabi_fcmplt)
c:/coocox/gnu/bin/../lib/gcc/arm-none-eabi/5.2.1/armv7e-m\libgcc.a(_arm_fixunssfsi.o)
                              ..\obj\main.o (__aeabi_f2uiz)

Discarded input sections

 .text          0x00000000        0x0 ..\obj\stm32f4xx_usart.o
 .data          0x00000000        0x0 ..\obj\stm32f4xx_usart.o
 .bss           0x00000000        0x0 ..\obj\stm32f4xx_usart.o
 .text.USART_DeInit
                0x00000000       0xd4 ..\obj\stm32f4xx_usart.o
 .text.USART_Init
                0x00000000      0x178 ..\obj\stm32f4xx_usart.o
 .text.USART_StructInit
                0x00000000       0x38 ..\obj\stm32f4xx_usart.o
 .text.USART_ClockInit
                0x00000000       0x54 ..\obj\stm32f4xx_usart.o
 .text.USART_ClockStructInit
                0x00000000       0x2c ..\obj\stm32f4xx_usart.o
 .text.USART_Cmd
                0x00000000       0x40 ..\obj\stm32f4xx_usart.o
 .text.USART_SetPrescaler
                0x00000000       0x38 ..\obj\stm32f4xx_usart.o
 .text.USART_OverSampling8Cmd
                0x00000000       0x44 ..\obj\stm32f4xx_usart.o
 .text.USART_OneBitMethodCmd
                0x00000000       0x40 ..\obj\stm32f4xx_usart.o
 .text.USART_SendData
                0x00000000       0x24 ..\obj\stm32f4xx_usart.o
 .text.USART_ReceiveData
                0x00000000       0x20 ..\obj\stm32f4xx_usart.o
 .text.USART_SetAddress
                0x00000000       0x38 ..\obj\stm32f4xx_usart.o
 .text.USART_ReceiverWakeUpCmd
                0x00000000       0x40 ..\obj\stm32f4xx_usart.o
 .text.USART_WakeUpConfig
                0x00000000       0x38 ..\obj\stm32f4xx_usart.o
 .text.USART_LINBreakDetectLengthConfig
                0x00000000       0x38 ..\obj\stm32f4xx_usart.o
 .text.USART_LINCmd
                0x00000000       0x40 ..\obj\stm32f4xx_usart.o
 .text.USART_SendBreak
                0x00000000       0x24 ..\obj\stm32f4xx_usart.o
 .text.USART_HalfDuplexCmd
                0x00000000       0x40 ..\obj\stm32f4xx_usart.o
 .text.USART_SetGuardTime
                0x00000000       0x3c ..\obj\stm32f4xx_usart.o
 .text.USART_SmartCardCmd
                0x00000000       0x40 ..\obj\stm32f4xx_usart.o
 .text.USART_SmartCardNACKCmd
                0x00000000       0x40 ..\obj\stm32f4xx_usart.o
 .text.USART_IrDAConfig
                0x00000000       0x38 ..\obj\stm32f4xx_usart.o
 .text.USART_IrDACmd
                0x00000000       0x40 ..\obj\stm32f4xx_usart.o
 .text.USART_DMACmd
                0x00000000       0x48 ..\obj\stm32f4xx_usart.o
 .text.USART_ITConfig
                0x00000000       0x90 ..\obj\stm32f4xx_usart.o
 .text.USART_GetFlagStatus
                0x00000000       0x38 ..\obj\stm32f4xx_usart.o
 .text.USART_ClearFlag
                0x00000000       0x20 ..\obj\stm32f4xx_usart.o
 .text.USART_GetITStatus
                0x00000000       0xb4 ..\obj\stm32f4xx_usart.o
 .text.USART_ClearITPendingBit
                0x00000000       0x38 ..\obj\stm32f4xx_usart.o
 .debug_info    0x00000000      0x9ca ..\obj\stm32f4xx_usart.o
 .debug_abbrev  0x00000000      0x157 ..\obj\stm32f4xx_usart.o
 .debug_aranges
                0x00000000      0x100 ..\obj\stm32f4xx_usart.o
 .debug_ranges  0x00000000       0xf0 ..\obj\stm32f4xx_usart.o
 .debug_line    0x00000000      0x53b ..\obj\stm32f4xx_usart.o
 .debug_str     0x00000000      0x6bd ..\obj\stm32f4xx_usart.o
 .comment       0x00000000       0x6f ..\obj\stm32f4xx_usart.o
 .debug_frame   0x00000000      0x490 ..\obj\stm32f4xx_usart.o
 .ARM.attributes
                0x00000000       0x33 ..\obj\stm32f4xx_usart.o
 .text          0x00000000        0x0 ..\obj\stm32f4xx_dac.o
 .data          0x00000000        0x0 ..\obj\stm32f4xx_dac.o
 .bss           0x00000000        0x0 ..\obj\stm32f4xx_dac.o
 .text.DAC_DeInit
                0x00000000       0x1c ..\obj\stm32f4xx_dac.o
 .text.DAC_StructInit
                0x00000000       0x2c ..\obj\stm32f4xx_dac.o
 .text.DAC_SoftwareTriggerCmd
                0x00000000       0x4c ..\obj\stm32f4xx_dac.o
 .text.DAC_WaveGenerationCmd
                0x00000000       0x4c ..\obj\stm32f4xx_dac.o
 .text.DAC_SetChannel1Data
                0x00000000       0x34 ..\obj\stm32f4xx_dac.o
 .text.DAC_SetChannel2Data
                0x00000000       0x34 ..\obj\stm32f4xx_dac.o
 .text.DAC_GetDataOutputValue
                0x00000000       0x30 ..\obj\stm32f4xx_dac.o
 .text.DAC_DMACmd
                0x00000000       0x4c ..\obj\stm32f4xx_dac.o
 .text.DAC_ITConfig
                0x00000000       0x4c ..\obj\stm32f4xx_dac.o
 .text.DAC_GetFlagStatus
                0x00000000       0x3c ..\obj\stm32f4xx_dac.o
 .text.DAC_ClearFlag
                0x00000000       0x24 ..\obj\stm32f4xx_dac.o
 .text.DAC_GetITStatus
                0x00000000       0x54 ..\obj\stm32f4xx_dac.o
 .text.DAC_ClearITPendingBit
                0x00000000       0x24 ..\obj\stm32f4xx_dac.o
 .text          0x00000000        0x0 ..\obj\startup_stm32f4xx.o
 .data          0x00000000        0x0 ..\obj\startup_stm32f4xx.o
 .bss           0x00000000        0x0 ..\obj\startup_stm32f4xx.o
 .text          0x00000000        0x0 ..\obj\main.o
 .data          0x00000000        0x0 ..\obj\main.o
 .rodata        0x00000000       0x78 ..\obj\main.o
 .text          0x00000000        0x0 ..\obj\stm32f4xx_rcc.o
 .data          0x00000000       0x10 ..\obj\stm32f4xx_rcc.o
 .bss           0x00000000        0x0 ..\obj\stm32f4xx_rcc.o
 .text.RCC_DeInit
                0x00000000       0x50 ..\obj\stm32f4xx_rcc.o
 .text.RCC_HSEConfig
                0x00000000       0x24 ..\obj\stm32f4xx_rcc.o
 .text.RCC_WaitForHSEStartUp
                0x00000000       0x50 ..\obj\stm32f4xx_rcc.o
 .text.RCC_AdjustHSICalibrationValue
                0x00000000       0x3c ..\obj\stm32f4xx_rcc.o
 .text.RCC_HSICmd
                0x00000000       0x20 ..\obj\stm32f4xx_rcc.o
 .text.RCC_LSEConfig
                0x00000000       0x40 ..\obj\stm32f4xx_rcc.o
 .text.RCC_LSICmd
                0x00000000       0x20 ..\obj\stm32f4xx_rcc.o
 .text.RCC_PLLConfig
                0x00000000       0x3c ..\obj\stm32f4xx_rcc.o
 .text.RCC_PLLCmd
                0x00000000       0x20 ..\obj\stm32f4xx_rcc.o
 .text.RCC_PLLI2SConfig
                0x00000000       0x28 ..\obj\stm32f4xx_rcc.o
 .text.RCC_PLLI2SCmd
                0x00000000       0x20 ..\obj\stm32f4xx_rcc.o
 .text.RCC_ClockSecuritySystemCmd
                0x00000000       0x20 ..\obj\stm32f4xx_rcc.o
 .text.RCC_MCO1Config
                0x00000000       0x3c ..\obj\stm32f4xx_rcc.o
 .text.RCC_MCO2Config
                0x00000000       0x3c ..\obj\stm32f4xx_rcc.o
 .text.RCC_SYSCLKConfig
                0x00000000       0x38 ..\obj\stm32f4xx_rcc.o
 .text.RCC_GetSYSCLKSource
                0x00000000       0x1c ..\obj\stm32f4xx_rcc.o
 .text.RCC_HCLKConfig
                0x00000000       0x38 ..\obj\stm32f4xx_rcc.o
 .text.RCC_PCLK1Config
                0x00000000       0x38 ..\obj\stm32f4xx_rcc.o
 .text.RCC_PCLK2Config
                0x00000000       0x38 ..\obj\stm32f4xx_rcc.o
 .text.RCC_GetClocksFreq
                0x00000000      0x154 ..\obj\stm32f4xx_rcc.o
 .text.RCC_RTCCLKConfig
                0x00000000       0x5c ..\obj\stm32f4xx_rcc.o
 .text.RCC_RTCCLKCmd
                0x00000000       0x20 ..\obj\stm32f4xx_rcc.o
 .text.RCC_BackupResetCmd
                0x00000000       0x20 ..\obj\stm32f4xx_rcc.o
 .text.RCC_I2SCLKConfig
                0x00000000       0x1c ..\obj\stm32f4xx_rcc.o
 .text.RCC_AHB2PeriphClockCmd
                0x00000000       0x3c ..\obj\stm32f4xx_rcc.o
 .text.RCC_AHB3PeriphClockCmd
                0x00000000       0x3c ..\obj\stm32f4xx_rcc.o
 .text.RCC_AHB1PeriphResetCmd
                0x00000000       0x3c ..\obj\stm32f4xx_rcc.o
 .text.RCC_AHB2PeriphResetCmd
                0x00000000       0x3c ..\obj\stm32f4xx_rcc.o
 .text.RCC_AHB3PeriphResetCmd
                0x00000000       0x3c ..\obj\stm32f4xx_rcc.o
 .text.RCC_APB1PeriphResetCmd
                0x00000000       0x3c ..\obj\stm32f4xx_rcc.o
 .text.RCC_APB2PeriphResetCmd
                0x00000000       0x3c ..\obj\stm32f4xx_rcc.o
 .text.RCC_AHB1PeriphClockLPModeCmd
                0x00000000       0x3c ..\obj\stm32f4xx_rcc.o
 .text.RCC_AHB2PeriphClockLPModeCmd
                0x00000000       0x3c ..\obj\stm32f4xx_rcc.o
 .text.RCC_AHB3PeriphClockLPModeCmd
                0x00000000       0x3c ..\obj\stm32f4xx_rcc.o
 .text.RCC_APB1PeriphClockLPModeCmd
                0x00000000       0x3c ..\obj\stm32f4xx_rcc.o
 .text.RCC_APB2PeriphClockLPModeCmd
                0x00000000       0x3c ..\obj\stm32f4xx_rcc.o
 .text.RCC_ITConfig
                0x00000000       0x4c ..\obj\stm32f4xx_rcc.o
 .text.RCC_GetFlagStatus
                0x00000000       0x74 ..\obj\stm32f4xx_rcc.o
 .text.RCC_ClearFlag
                0x00000000       0x1c ..\obj\stm32f4xx_rcc.o
 .text.RCC_GetITStatus
                0x00000000       0x34 ..\obj\stm32f4xx_rcc.o
 .text.RCC_ClearITPendingBit
                0x00000000       0x20 ..\obj\stm32f4xx_rcc.o
 .text          0x00000000        0x0 ..\obj\stm32f4xx_adc.o
 .data          0x00000000        0x0 ..\obj\stm32f4xx_adc.o
 .bss           0x00000000        0x0 ..\obj\stm32f4xx_adc.o
 .text.ADC_DeInit
                0x00000000       0x1c ..\obj\stm32f4xx_adc.o
 .text.ADC_StructInit
                0x00000000       0x3c ..\obj\stm32f4xx_adc.o
 .text.ADC_CommonStructInit
                0x00000000       0x2c ..\obj\stm32f4xx_adc.o
 .text.ADC_AnalogWatchdogCmd
                0x00000000       0x38 ..\obj\stm32f4xx_adc.o
 .text.ADC_AnalogWatchdogThresholdsConfig
                0x00000000       0x28 ..\obj\stm32f4xx_adc.o
 .text.ADC_AnalogWatchdogSingleChannelConfig
                0x00000000       0x38 ..\obj\stm32f4xx_adc.o
 .text.ADC_TempSensorVrefintCmd
                0x00000000       0x38 ..\obj\stm32f4xx_adc.o
 .text.ADC_VBATCmd
                0x00000000       0x38 ..\obj\stm32f4xx_adc.o
 .text.ADC_GetSoftwareStartConvStatus
                0x00000000       0x30 ..\obj\stm32f4xx_adc.o
 .text.ADC_EOCOnEachRegularChannelCmd
                0x00000000       0x38 ..\obj\stm32f4xx_adc.o
 .text.ADC_ContinuousModeCmd
                0x00000000       0x38 ..\obj\stm32f4xx_adc.o
 .text.ADC_DiscModeChannelCountConfig
                0x00000000       0x44 ..\obj\stm32f4xx_adc.o
 .text.ADC_DiscModeCmd
                0x00000000       0x38 ..\obj\stm32f4xx_adc.o
 .text.ADC_GetMultiModeConversionValue
                0x00000000       0x14 ..\obj\stm32f4xx_adc.o
 .text.ADC_DMACmd
                0x00000000       0x38 ..\obj\stm32f4xx_adc.o
 .text.ADC_DMARequestAfterLastTransferCmd
                0x00000000       0x38 ..\obj\stm32f4xx_adc.o
 .text.ADC_MultiModeDMARequestAfterLastTransferCmd
                0x00000000       0x38 ..\obj\stm32f4xx_adc.o
 .text.ADC_InjectedChannelConfig
                0x00000000      0x120 ..\obj\stm32f4xx_adc.o
 .text.ADC_InjectedSequencerLengthConfig
                0x00000000       0x44 ..\obj\stm32f4xx_adc.o
 .text.ADC_SetInjectedOffset
                0x00000000       0x34 ..\obj\stm32f4xx_adc.o
 .text.ADC_ExternalTrigInjectedConvConfig
                0x00000000       0x34 ..\obj\stm32f4xx_adc.o
 .text.ADC_ExternalTrigInjectedConvEdgeConfig
                0x00000000       0x34 ..\obj\stm32f4xx_adc.o
 .text.ADC_SoftwareStartInjectedConv
                0x00000000       0x20 ..\obj\stm32f4xx_adc.o
 .text.ADC_GetSoftwareStartInjectedConvCmdStatus
                0x00000000       0x30 ..\obj\stm32f4xx_adc.o
 .text.ADC_AutoInjectedConvCmd
                0x00000000       0x38 ..\obj\stm32f4xx_adc.o
 .text.ADC_InjectedDiscModeCmd
                0x00000000       0x38 ..\obj\stm32f4xx_adc.o
 .text.ADC_GetInjectedConversionValue
                0x00000000       0x30 ..\obj\stm32f4xx_adc.o
 .text.ADC_ITConfig
                0x00000000       0x50 ..\obj\stm32f4xx_adc.o
 .text.ADC_GetITStatus
                0x00000000       0x5c ..\obj\stm32f4xx_adc.o
 .text.ADC_ClearITPendingBit
                0x00000000       0x2c ..\obj\stm32f4xx_adc.o
 .text          0x00000000        0x0 ..\obj\printf.o
 .data          0x00000000      0x42c ..\obj\printf.o
 .bss           0x00000000        0x0 ..\obj\printf.o
 .text.PrintChar
                0x00000000       0x34 ..\obj\printf.o
 .text.PutChar  0x00000000       0x20 ..\obj\printf.o
 .text.PutString
                0x00000000       0x3c ..\obj\printf.o
 .text.PutUnsignedInt
                0x00000000       0x9c ..\obj\printf.o
 .text.PutSignedInt
                0x00000000       0xf8 ..\obj\printf.o
 .text.PutHexa  0x00000000       0xd4 ..\obj\printf.o
 .text.vsnprintf
                0x00000000      0x254 ..\obj\printf.o
 .text.snprintf
                0x00000000       0x30 ..\obj\printf.o
 .text.vsprintf
                0x00000000       0x24 ..\obj\printf.o
 .rodata        0x00000000       0x24 ..\obj\printf.o
 .text.vfprintf
                0x00000000       0x68 ..\obj\printf.o
 .text.vprintf  0x00000000       0x28 ..\obj\printf.o
 .text.fprintf  0x00000000       0x2c ..\obj\printf.o
 .text.my_printf
                0x00000000       0x28 ..\obj\printf.o
 .text.sprintf  0x00000000       0x2c ..\obj\printf.o
 .text.puts     0x00000000       0x24 ..\obj\printf.o
 .text.fputc    0x00000000       0x40 ..\obj\printf.o
 .text.fputs    0x00000000       0x48 ..\obj\printf.o
 .debug_info    0x00000000      0xf7c ..\obj\printf.o
 .debug_abbrev  0x00000000      0x2c6 ..\obj\printf.o
 .debug_aranges
                0x00000000       0xa0 ..\obj\printf.o
 .debug_ranges  0x00000000       0x90 ..\obj\printf.o
 .debug_line    0x00000000      0x453 ..\obj\printf.o
 .debug_str     0x00000000      0x770 ..\obj\printf.o
 .comment       0x00000000       0x6f ..\obj\printf.o
 .debug_frame   0x00000000      0x2d8 ..\obj\printf.o
 .ARM.attributes
                0x00000000       0x33 ..\obj\printf.o
 .text          0x00000000        0x0 ..\obj\stm32f4xx_gpio.o
 .data          0x00000000        0x0 ..\obj\stm32f4xx_gpio.o
 .bss           0x00000000        0x0 ..\obj\stm32f4xx_gpio.o
 .text.GPIO_DeInit
                0x00000000      0x120 ..\obj\stm32f4xx_gpio.o
 .text.GPIO_StructInit
                0x00000000       0x34 ..\obj\stm32f4xx_gpio.o
 .text.GPIO_PinLockConfig
                0x00000000       0x44 ..\obj\stm32f4xx_gpio.o
 .text.GPIO_ReadInputData
                0x00000000       0x18 ..\obj\stm32f4xx_gpio.o
 .text.GPIO_ReadOutputDataBit
                0x00000000       0x34 ..\obj\stm32f4xx_gpio.o
 .text.GPIO_ReadOutputData
                0x00000000       0x18 ..\obj\stm32f4xx_gpio.o
 .text.GPIO_WriteBit
                0x00000000       0x30 ..\obj\stm32f4xx_gpio.o
 .text.GPIO_Write
                0x00000000       0x1c ..\obj\stm32f4xx_gpio.o
 .text.GPIO_ToggleBits
                0x00000000       0x24 ..\obj\stm32f4xx_gpio.o
 .text.GPIO_PinAFConfig
                0x00000000       0x90 ..\obj\stm32f4xx_gpio.o
 .text          0x00000000        0x0 ..\obj\system_stm32f4xx.o
 .data          0x00000000       0x14 ..\obj\system_stm32f4xx.o
 .bss           0x00000000        0x0 ..\obj\system_stm32f4xx.o
 .text.SystemCoreClockUpdate
                0x00000000       0xf8 ..\obj\system_stm32f4xx.o
 .text          0x00000000        0x0 ..\obj\syscalls.o
 .data          0x00000000        0x0 ..\obj\syscalls.o
 .bss           0x00000000        0x4 ..\obj\syscalls.o
 .text._sbrk    0x00000000       0x3c ..\obj\syscalls.o
 .text.link     0x00000000       0x18 ..\obj\syscalls.o
 .text._close   0x00000000       0x18 ..\obj\syscalls.o
 .text._fstat   0x00000000       0x20 ..\obj\syscalls.o
 .text._isatty  0x00000000       0x14 ..\obj\syscalls.o
 .text._lseek   0x00000000       0x18 ..\obj\syscalls.o
 .text._read    0x00000000       0x18 ..\obj\syscalls.o
 .text._write   0x00000000       0x18 ..\obj\syscalls.o
 .text.abort    0x00000000        0x8 ..\obj\syscalls.o
 .debug_info    0x00000000      0x3f5 ..\obj\syscalls.o
 .debug_abbrev  0x00000000       0xe5 ..\obj\syscalls.o
 .debug_aranges
                0x00000000       0x60 ..\obj\syscalls.o
 .debug_ranges  0x00000000       0x50 ..\obj\syscalls.o
 .debug_line    0x00000000      0x184 ..\obj\syscalls.o
 .debug_str     0x00000000      0x338 ..\obj\syscalls.o
 .comment       0x00000000       0x6f ..\obj\syscalls.o
 .debug_frame   0x00000000      0x168 ..\obj\syscalls.o
 .ARM.attributes
                0x00000000       0x33 ..\obj\syscalls.o
 .text          0x00000000        0x0 ..\obj\misc.o
 .data          0x00000000        0x0 ..\obj\misc.o
 .bss           0x00000000        0x0 ..\obj\misc.o
 .text.NVIC_PriorityGroupConfig
                0x00000000       0x24 ..\obj\misc.o
 .text.NVIC_SetVectorTable
                0x00000000       0x2c ..\obj\misc.o
 .text.NVIC_SystemLPConfig
                0x00000000       0x40 ..\obj\misc.o
 .text.SysTick_CLKSourceConfig
                0x00000000       0x38 ..\obj\misc.o
 .text          0x00000000        0x0 ..\obj\stm32f4xx_tim.o
 .data          0x00000000        0x0 ..\obj\stm32f4xx_tim.o
 .bss           0x00000000        0x0 ..\obj\stm32f4xx_tim.o
 .text.TIM_DeInit
                0x00000000      0x1c0 ..\obj\stm32f4xx_tim.o
 .text.TIM_TimeBaseStructInit
                0x00000000       0x34 ..\obj\stm32f4xx_tim.o
 .text.TIM_PrescalerConfig
                0x00000000       0x28 ..\obj\stm32f4xx_tim.o
 .text.TIM_CounterModeConfig
                0x00000000       0x38 ..\obj\stm32f4xx_tim.o
 .text.TIM_SetAutoreload
                0x00000000       0x1c ..\obj\stm32f4xx_tim.o
 .text.TIM_GetCounter
                0x00000000       0x18 ..\obj\stm32f4xx_tim.o
 .text.TIM_GetPrescaler
                0x00000000       0x18 ..\obj\stm32f4xx_tim.o
 .text.TIM_UpdateDisableConfig
                0x00000000       0x40 ..\obj\stm32f4xx_tim.o
 .text.TIM_UpdateRequestConfig
                0x00000000       0x40 ..\obj\stm32f4xx_tim.o
 .text.TIM_ARRPreloadConfig
                0x00000000       0x40 ..\obj\stm32f4xx_tim.o
 .text.TIM_SelectOnePulseMode
                0x00000000       0x38 ..\obj\stm32f4xx_tim.o
 .text.TIM_SetClockDivision
                0x00000000       0x38 ..\obj\stm32f4xx_tim.o
 .text.TIM_OC1Init
                0x00000000       0xf4 ..\obj\stm32f4xx_tim.o
 .text.TIM_OC2Init
                0x00000000      0x110 ..\obj\stm32f4xx_tim.o
 .text.TIM_OC3Init
                0x00000000      0x10c ..\obj\stm32f4xx_tim.o
 .text.TIM_OC4Init
                0x00000000       0xcc ..\obj\stm32f4xx_tim.o
 .text.TIM_OCStructInit
                0x00000000       0x44 ..\obj\stm32f4xx_tim.o
 .text.TIM_SelectOCxM
                0x00000000       0xb0 ..\obj\stm32f4xx_tim.o
 .text.TIM_SetCompare1
                0x00000000       0x1c ..\obj\stm32f4xx_tim.o
 .text.TIM_SetCompare2
                0x00000000       0x1c ..\obj\stm32f4xx_tim.o
 .text.TIM_SetCompare3
                0x00000000       0x1c ..\obj\stm32f4xx_tim.o
 .text.TIM_SetCompare4
                0x00000000       0x1c ..\obj\stm32f4xx_tim.o
 .text.TIM_ForcedOC1Config
                0x00000000       0x38 ..\obj\stm32f4xx_tim.o
 .text.TIM_ForcedOC2Config
                0x00000000       0x3c ..\obj\stm32f4xx_tim.o
 .text.TIM_ForcedOC3Config
                0x00000000       0x38 ..\obj\stm32f4xx_tim.o
 .text.TIM_ForcedOC4Config
                0x00000000       0x3c ..\obj\stm32f4xx_tim.o
 .text.TIM_OC1PreloadConfig
                0x00000000       0x38 ..\obj\stm32f4xx_tim.o
 .text.TIM_OC2PreloadConfig
                0x00000000       0x3c ..\obj\stm32f4xx_tim.o
 .text.TIM_OC3PreloadConfig
                0x00000000       0x38 ..\obj\stm32f4xx_tim.o
 .text.TIM_OC4PreloadConfig
                0x00000000       0x3c ..\obj\stm32f4xx_tim.o
 .text.TIM_OC1FastConfig
                0x00000000       0x38 ..\obj\stm32f4xx_tim.o
 .text.TIM_OC2FastConfig
                0x00000000       0x3c ..\obj\stm32f4xx_tim.o
 .text.TIM_OC3FastConfig
                0x00000000       0x38 ..\obj\stm32f4xx_tim.o
 .text.TIM_OC4FastConfig
                0x00000000       0x3c ..\obj\stm32f4xx_tim.o
 .text.TIM_ClearOC1Ref
                0x00000000       0x38 ..\obj\stm32f4xx_tim.o
 .text.TIM_ClearOC2Ref
                0x00000000       0x3c ..\obj\stm32f4xx_tim.o
 .text.TIM_ClearOC3Ref
                0x00000000       0x38 ..\obj\stm32f4xx_tim.o
 .text.TIM_ClearOC4Ref
                0x00000000       0x3c ..\obj\stm32f4xx_tim.o
 .text.TIM_OC1PolarityConfig
                0x00000000       0x38 ..\obj\stm32f4xx_tim.o
 .text.TIM_OC1NPolarityConfig
                0x00000000       0x38 ..\obj\stm32f4xx_tim.o
 .text.TIM_OC2PolarityConfig
                0x00000000       0x3c ..\obj\stm32f4xx_tim.o
 .text.TIM_OC2NPolarityConfig
                0x00000000       0x3c ..\obj\stm32f4xx_tim.o
 .text.TIM_OC3PolarityConfig
                0x00000000       0x3c ..\obj\stm32f4xx_tim.o
 .text.TIM_OC3NPolarityConfig
                0x00000000       0x3c ..\obj\stm32f4xx_tim.o
 .text.TIM_OC4PolarityConfig
                0x00000000       0x3c ..\obj\stm32f4xx_tim.o
 .text.TIM_CCxCmd
                0x00000000       0x5c ..\obj\stm32f4xx_tim.o
 .text.TIM_CCxNCmd
                0x00000000       0x5c ..\obj\stm32f4xx_tim.o
 .text.TIM_ICInit
                0x00000000       0xa8 ..\obj\stm32f4xx_tim.o
 .text.TIM_ICStructInit
                0x00000000       0x30 ..\obj\stm32f4xx_tim.o
 .text.TIM_PWMIConfig
                0x00000000       0xb8 ..\obj\stm32f4xx_tim.o
 .text.TIM_GetCapture1
                0x00000000       0x18 ..\obj\stm32f4xx_tim.o
 .text.TIM_GetCapture2
                0x00000000       0x18 ..\obj\stm32f4xx_tim.o
 .text.TIM_GetCapture3
                0x00000000       0x18 ..\obj\stm32f4xx_tim.o
 .text.TIM_GetCapture4
                0x00000000       0x18 ..\obj\stm32f4xx_tim.o
 .text.TIM_SetIC1Prescaler
                0x00000000       0x38 ..\obj\stm32f4xx_tim.o
 .text.TIM_SetIC2Prescaler
                0x00000000       0x3c ..\obj\stm32f4xx_tim.o
 .text.TIM_SetIC3Prescaler
                0x00000000       0x38 ..\obj\stm32f4xx_tim.o
 .text.TIM_SetIC4Prescaler
                0x00000000       0x3c ..\obj\stm32f4xx_tim.o
 .text.TIM_BDTRConfig
                0x00000000       0x50 ..\obj\stm32f4xx_tim.o
 .text.TIM_BDTRStructInit
                0x00000000       0x3c ..\obj\stm32f4xx_tim.o
 .text.TIM_CtrlPWMOutputs
                0x00000000       0x4c ..\obj\stm32f4xx_tim.o
 .text.TIM_SelectCOM
                0x00000000       0x40 ..\obj\stm32f4xx_tim.o
 .text.TIM_CCPreloadControl
                0x00000000       0x40 ..\obj\stm32f4xx_tim.o
 .text.TIM_GenerateEvent
                0x00000000       0x1c ..\obj\stm32f4xx_tim.o
 .text.TIM_GetFlagStatus
                0x00000000       0x38 ..\obj\stm32f4xx_tim.o
 .text.TIM_ClearFlag
                0x00000000       0x20 ..\obj\stm32f4xx_tim.o
 .text.TIM_DMAConfig
                0x00000000       0x28 ..\obj\stm32f4xx_tim.o
 .text.TIM_DMACmd
                0x00000000       0x48 ..\obj\stm32f4xx_tim.o
 .text.TIM_SelectCCDMA
                0x00000000       0x40 ..\obj\stm32f4xx_tim.o
 .text.TIM_InternalClockConfig
                0x00000000       0x24 ..\obj\stm32f4xx_tim.o
 .text.TIM_ITRxExternalClockConfig
                0x00000000       0x30 ..\obj\stm32f4xx_tim.o
 .text.TIM_TIxExternalClockConfig
                0x00000000       0x5c ..\obj\stm32f4xx_tim.o
 .text.TIM_ETRClockMode1Config
                0x00000000       0x60 ..\obj\stm32f4xx_tim.o
 .text.TIM_ETRClockMode2Config
                0x00000000       0x40 ..\obj\stm32f4xx_tim.o
 .text.TIM_SelectInputTrigger
                0x00000000       0x38 ..\obj\stm32f4xx_tim.o
 .text.TIM_SelectOutputTrigger
                0x00000000       0x38 ..\obj\stm32f4xx_tim.o
 .text.TIM_SelectSlaveMode
                0x00000000       0x38 ..\obj\stm32f4xx_tim.o
 .text.TIM_SelectMasterSlaveMode
                0x00000000       0x38 ..\obj\stm32f4xx_tim.o
 .text.TIM_ETRConfig
                0x00000000       0x54 ..\obj\stm32f4xx_tim.o
 .text.TIM_EncoderInterfaceConfig
                0x00000000       0x98 ..\obj\stm32f4xx_tim.o
 .text.TIM_SelectHallSensor
                0x00000000       0x40 ..\obj\stm32f4xx_tim.o
 .text.TIM_RemapConfig
                0x00000000       0x20 ..\obj\stm32f4xx_tim.o
 .text.TI1_Config
                0x00000000       0x84 ..\obj\stm32f4xx_tim.o
 .text.TI2_Config
                0x00000000       0x98 ..\obj\stm32f4xx_tim.o
 .text.TI3_Config
                0x00000000       0x90 ..\obj\stm32f4xx_tim.o
 .text.TI4_Config
                0x00000000       0x9c ..\obj\stm32f4xx_tim.o
 .data          0x00000000        0x0 c:/coocox/gnu/bin/../lib/gcc/arm-none-eabi/5.2.1/armv7e-m\libgcc.a(_arm_addsubdf3.o)
 .bss           0x00000000        0x0 c:/coocox/gnu/bin/../lib/gcc/arm-none-eabi/5.2.1/armv7e-m\libgcc.a(_arm_addsubdf3.o)
 .data          0x00000000        0x0 c:/coocox/gnu/bin/../lib/gcc/arm-none-eabi/5.2.1/armv7e-m\libgcc.a(_arm_muldivdf3.o)
 .bss           0x00000000        0x0 c:/coocox/gnu/bin/../lib/gcc/arm-none-eabi/5.2.1/armv7e-m\libgcc.a(_arm_muldivdf3.o)
 .data          0x00000000        0x0 c:/coocox/gnu/bin/../lib/gcc/arm-none-eabi/5.2.1/armv7e-m\libgcc.a(_arm_truncdfsf2.o)
 .bss           0x00000000        0x0 c:/coocox/gnu/bin/../lib/gcc/arm-none-eabi/5.2.1/armv7e-m\libgcc.a(_arm_truncdfsf2.o)
 .data          0x00000000        0x0 c:/coocox/gnu/bin/../lib/gcc/arm-none-eabi/5.2.1/armv7e-m\libgcc.a(_arm_addsubsf3.o)
 .bss           0x00000000        0x0 c:/coocox/gnu/bin/../lib/gcc/arm-none-eabi/5.2.1/armv7e-m\libgcc.a(_arm_addsubsf3.o)
 .data          0x00000000        0x0 c:/coocox/gnu/bin/../lib/gcc/arm-none-eabi/5.2.1/armv7e-m\libgcc.a(_arm_muldivsf3.o)
 .bss           0x00000000        0x0 c:/coocox/gnu/bin/../lib/gcc/arm-none-eabi/5.2.1/armv7e-m\libgcc.a(_arm_muldivsf3.o)
 .data          0x00000000        0x0 c:/coocox/gnu/bin/../lib/gcc/arm-none-eabi/5.2.1/armv7e-m\libgcc.a(_arm_cmpsf2.o)
 .bss           0x00000000        0x0 c:/coocox/gnu/bin/../lib/gcc/arm-none-eabi/5.2.1/armv7e-m\libgcc.a(_arm_cmpsf2.o)
 .data          0x00000000        0x0 c:/coocox/gnu/bin/../lib/gcc/arm-none-eabi/5.2.1/armv7e-m\libgcc.a(_arm_fixunssfsi.o)
 .bss           0x00000000        0x0 c:/coocox/gnu/bin/../lib/gcc/arm-none-eabi/5.2.1/armv7e-m\libgcc.a(_arm_fixunssfsi.o)

Memory Configuration

Name             Origin             Length             Attributes
rom              0x08000000         0x00100000         xr
ram              0x20000000         0x00020000         xrw
ram1             0x10000000         0x00010000         xrw
*default*        0x00000000         0xffffffff

Linker script and memory map

                0x20020000                _eram = 0x20020000

.text           0x08000000     0x1fd4
 *(.isr_vector)
 .isr_vector    0x08000000      0x188 ..\obj\startup_stm32f4xx.o
                0x08000000                g_pfnVectors
 *(.text*)
 .text.DAC_Init
                0x08000188       0x64 ..\obj\stm32f4xx_dac.o
                0x08000188                DAC_Init
 .text.DAC_Cmd  0x080001ec       0x48 ..\obj\stm32f4xx_dac.o
                0x080001ec                DAC_Cmd
 .text.DAC_DualSoftwareTriggerCmd
                0x08000234       0x38 ..\obj\stm32f4xx_dac.o
                0x08000234                DAC_DualSoftwareTriggerCmd
 .text.DAC_SetDualChannelData
                0x0800026c       0x58 ..\obj\stm32f4xx_dac.o
                0x0800026c                DAC_SetDualChannelData
 .text.Default_Reset_Handler
                0x080002c4       0x5c ..\obj\startup_stm32f4xx.o
                0x080002c4                Default_Reset_Handler
                0x080002c4                Reset_Handler
 .text.Default_Handler
                0x08000320        0x8 ..\obj\startup_stm32f4xx.o
                0x08000320                RTC_Alarm_IRQHandler
                0x08000320                HASH_RNG_IRQHandler
                0x08000320                EXTI2_IRQHandler
                0x08000320                TIM8_CC_IRQHandler
                0x08000320                DebugMon_Handler
                0x08000320                TIM1_CC_IRQHandler
                0x08000320                DMA2_Stream5_IRQHandler
                0x08000320                HardFault_Handler
                0x08000320                DMA1_Stream5_IRQHandler
                0x08000320                SysTick_Handler
                0x08000320                PVD_IRQHandler
                0x08000320                SDIO_IRQHandler
                0x08000320                TAMP_STAMP_IRQHandler
                0x08000320                PendSV_Handler
                0x08000320                NMI_Handler
                0x08000320                CAN2_RX1_IRQHandler
                0x08000320                EXTI3_IRQHandler
                0x08000320                TIM8_TRG_COM_TIM14_IRQHandler
                0x08000320                TIM1_UP_TIM10_IRQHandler
                0x08000320                TIM8_UP_TIM13_IRQHandler
                0x08000320                I2C3_ER_IRQHandler
                0x08000320                EXTI0_IRQHandler
                0x08000320                I2C2_EV_IRQHandler
                0x08000320                DMA1_Stream2_IRQHandler
                0x08000320                CAN1_RX0_IRQHandler
                0x08000320                FPU_IRQHandler
                0x08000320                OTG_HS_WKUP_IRQHandler
                0x08000320                UsageFault_Handler
                0x08000320                CAN2_SCE_IRQHandler
                0x08000320                DMA2_Stream2_IRQHandler
                0x08000320                SPI1_IRQHandler
                0x08000320                TIM6_DAC_IRQHandler
                0x08000320                TIM1_BRK_TIM9_IRQHandler
                0x08000320                DCMI_IRQHandler
                0x08000320                CAN2_RX0_IRQHandler
                0x08000320                DMA2_Stream3_IRQHandler
                0x08000320                USART6_IRQHandler
                0x08000320                USART3_IRQHandler
                0x08000320                CRYP_IRQHandler
                0x08000320                CAN1_RX1_IRQHandler
                0x08000320                UART5_IRQHandler
                0x08000320                DMA2_Stream0_IRQHandler
                0x08000320                TIM4_IRQHandler
                0x08000320                I2C1_EV_IRQHandler
                0x08000320                DMA1_Stream6_IRQHandler
                0x08000320                DMA1_Stream1_IRQHandler
                0x08000320                UART4_IRQHandler
                0x08000320                RCC_IRQHandler
                0x08000320                TIM8_BRK_TIM12_IRQHandler
                0x08000320                EXTI15_10_IRQHandler
                0x08000320                ADC_IRQHandler
                0x08000320                DMA1_Stream7_IRQHandler
                0x08000320                TIM7_IRQHandler
                0x08000320                CAN2_TX_IRQHandler
                0x08000320                TIM5_IRQHandler
                0x08000320                DMA2_Stream7_IRQHandler
                0x08000320                I2C3_EV_IRQHandler
                0x08000320                EXTI9_5_IRQHandler
                0x08000320                RTC_WKUP_IRQHandler
                0x08000320                ETH_WKUP_IRQHandler
                0x08000320                SPI2_IRQHandler
                0x08000320                OTG_HS_EP1_IN_IRQHandler
                0x08000320                MemManage_Handler
                0x08000320                DMA1_Stream0_IRQHandler
                0x08000320                CAN1_TX_IRQHandler
                0x08000320                SVC_Handler
                0x08000320                EXTI4_IRQHandler
                0x08000320                FSMC_IRQHandler
                0x08000320                ETH_IRQHandler
                0x08000320                OTG_HS_EP1_OUT_IRQHandler
                0x08000320                WWDG_IRQHandler
                0x08000320                TIM2_IRQHandler
                0x08000320                OTG_FS_WKUP_IRQHandler
                0x08000320                TIM1_TRG_COM_TIM11_IRQHandler
                0x08000320                OTG_HS_IRQHandler
                0x08000320                EXTI1_IRQHandler
                0x08000320                USART2_IRQHandler
                0x08000320                I2C2_ER_IRQHandler
                0x08000320                DMA2_Stream1_IRQHandler
                0x08000320                CAN1_SCE_IRQHandler
                0x08000320                FLASH_IRQHandler
                0x08000320                DMA2_Stream4_IRQHandler
                0x08000320                BusFault_Handler
                0x08000320                USART1_IRQHandler
                0x08000320                OTG_FS_IRQHandler
                0x08000320                SPI3_IRQHandler
                0x08000320                DMA1_Stream4_IRQHandler
                0x08000320                I2C1_ER_IRQHandler
                0x08000320                DMA2_Stream6_IRQHandler
                0x08000320                DMA1_Stream3_IRQHandler
 .text.main     0x08000328      0x300 ..\obj\main.o
                0x08000328                main
 .text.ADC_Config
                0x08000628       0xe8 ..\obj\main.o
                0x08000628                ADC_Config
 .text.TIM3_Config
                0x08000710       0x68 ..\obj\main.o
                0x08000710                TIM3_Config
 .text.TIM3_IRQHandler
                0x08000778       0x2c ..\obj\main.o
                0x08000778                TIM3_IRQHandler
 .text.DAC_Config
                0x080007a4       0x8c ..\obj\main.o
                0x080007a4                DAC_Config
 .text.RCC_AHB1PeriphClockCmd
                0x08000830       0x3c ..\obj\stm32f4xx_rcc.o
                0x08000830                RCC_AHB1PeriphClockCmd
 .text.RCC_APB1PeriphClockCmd
                0x0800086c       0x3c ..\obj\stm32f4xx_rcc.o
                0x0800086c                RCC_APB1PeriphClockCmd
 .text.RCC_APB2PeriphClockCmd
                0x080008a8       0x3c ..\obj\stm32f4xx_rcc.o
                0x080008a8                RCC_APB2PeriphClockCmd
 .text.ADC_Init
                0x080008e4       0xa8 ..\obj\stm32f4xx_adc.o
                0x080008e4                ADC_Init
 .text.ADC_CommonInit
                0x0800098c       0x50 ..\obj\stm32f4xx_adc.o
                0x0800098c                ADC_CommonInit
 .text.ADC_Cmd  0x080009dc       0x38 ..\obj\stm32f4xx_adc.o
                0x080009dc                ADC_Cmd
 .text.ADC_RegularChannelConfig
                0x08000a14      0x194 ..\obj\stm32f4xx_adc.o
                0x08000a14                ADC_RegularChannelConfig
 .text.ADC_SoftwareStartConv
                0x08000ba8       0x20 ..\obj\stm32f4xx_adc.o
                0x08000ba8                ADC_SoftwareStartConv
 .text.ADC_GetConversionValue
                0x08000bc8       0x18 ..\obj\stm32f4xx_adc.o
                0x08000bc8                ADC_GetConversionValue
 .text.ADC_GetFlagStatus
                0x08000be0       0x34 ..\obj\stm32f4xx_adc.o
                0x08000be0                ADC_GetFlagStatus
 .text.ADC_ClearFlag
                0x08000c14       0x20 ..\obj\stm32f4xx_adc.o
                0x08000c14                ADC_ClearFlag
 .text.GPIO_Init
                0x08000c34      0x11c ..\obj\stm32f4xx_gpio.o
                0x08000c34                GPIO_Init
 .text.GPIO_ReadInputDataBit
                0x08000d50       0x34 ..\obj\stm32f4xx_gpio.o
                0x08000d50                GPIO_ReadInputDataBit
 .text.GPIO_SetBits
                0x08000d84       0x1c ..\obj\stm32f4xx_gpio.o
                0x08000d84                GPIO_SetBits
 .text.GPIO_ResetBits
                0x08000da0       0x1c ..\obj\stm32f4xx_gpio.o
                0x08000da0                GPIO_ResetBits
 .text.SystemInit
                0x08000dbc       0x5c ..\obj\system_stm32f4xx.o
                0x08000dbc                SystemInit
 .text.SetSysClock
                0x08000e18       0xf4 ..\obj\system_stm32f4xx.o
 .text.NVIC_Init
                0x08000f0c       0xc0 ..\obj\misc.o
                0x08000f0c                NVIC_Init
 .text.TIM_TimeBaseInit
                0x08000fcc       0xd4 ..\obj\stm32f4xx_tim.o
                0x08000fcc                TIM_TimeBaseInit
 .text.TIM_SetCounter
                0x080010a0       0x1c ..\obj\stm32f4xx_tim.o
                0x080010a0                TIM_SetCounter
 .text.TIM_Cmd  0x080010bc       0x40 ..\obj\stm32f4xx_tim.o
                0x080010bc                TIM_Cmd
 .text.TIM_ITConfig
                0x080010fc       0x48 ..\obj\stm32f4xx_tim.o
                0x080010fc                TIM_ITConfig
 .text.TIM_GetITStatus
                0x08001144       0x54 ..\obj\stm32f4xx_tim.o
                0x08001144                TIM_GetITStatus
 .text.TIM_ClearITPendingBit
                0x08001198       0x20 ..\obj\stm32f4xx_tim.o
                0x08001198                TIM_ClearITPendingBit
 .text          0x080011b8      0x370 c:/coocox/gnu/bin/../lib/gcc/arm-none-eabi/5.2.1/armv7e-m\libgcc.a(_arm_addsubdf3.o)
                0x080011b8                __aeabi_drsub
                0x080011c0                __aeabi_dsub
                0x080011c0                __subdf3
                0x080011c4                __aeabi_dadd
                0x080011c4                __adddf3
                0x0800143c                __floatunsidf
                0x0800143c                __aeabi_ui2d
                0x0800145c                __floatsidf
                0x0800145c                __aeabi_i2d
                0x08001480                __aeabi_f2d
                0x08001480                __extendsfdf2
                0x080014bc                __floatundidf
                0x080014bc                __aeabi_ul2d
                0x080014cc                __floatdidf
                0x080014cc                __aeabi_l2d
 .text          0x08001528      0x424 c:/coocox/gnu/bin/../lib/gcc/arm-none-eabi/5.2.1/armv7e-m\libgcc.a(_arm_muldivdf3.o)
                0x08001528                __aeabi_dmul
                0x08001528                __muldf3
                0x0800177c                __divdf3
                0x0800177c                __aeabi_ddiv
 .text          0x0800194c       0xa0 c:/coocox/gnu/bin/../lib/gcc/arm-none-eabi/5.2.1/armv7e-m\libgcc.a(_arm_truncdfsf2.o)
                0x0800194c                __truncdfsf2
                0x0800194c                __aeabi_d2f
 .text          0x080019ec      0x21c c:/coocox/gnu/bin/../lib/gcc/arm-none-eabi/5.2.1/armv7e-m\libgcc.a(_arm_addsubsf3.o)
                0x080019ec                __aeabi_frsub
                0x080019f4                __subsf3
                0x080019f4                __aeabi_fsub
                0x080019f8                __aeabi_fadd
                0x080019f8                __addsf3
                0x08001b58                __aeabi_ui2f
                0x08001b58                __floatunsisf
                0x08001b60                __aeabi_i2f
                0x08001b60                __floatsisf
                0x08001b7c                __aeabi_ul2f
                0x08001b7c                __floatundisf
                0x08001b8c                __aeabi_l2f
                0x08001b8c                __floatdisf
 .text          0x08001c08      0x2a0 c:/coocox/gnu/bin/../lib/gcc/arm-none-eabi/5.2.1/armv7e-m\libgcc.a(_arm_muldivsf3.o)
                0x08001c08                __mulsf3
                0x08001c08                __aeabi_fmul
                0x08001d70                __aeabi_fdiv
                0x08001d70                __divsf3
 .text          0x08001ea8       0xec c:/coocox/gnu/bin/../lib/gcc/arm-none-eabi/5.2.1/armv7e-m\libgcc.a(_arm_cmpsf2.o)
                0x08001ea8                __gesf2
                0x08001ea8                __gtsf2
                0x08001eb0                __lesf2
                0x08001eb0                __ltsf2
                0x08001eb8                __nesf2
                0x08001eb8                __eqsf2
                0x08001eb8                __cmpsf2
                0x08001f18                __aeabi_cfrcmple
                0x08001f20                __aeabi_cfcmpeq
                0x08001f20                __aeabi_cfcmple
                0x08001f30                __aeabi_fcmpeq
                0x08001f44                __aeabi_fcmplt
                0x08001f58                __aeabi_fcmple
                0x08001f6c                __aeabi_fcmpge
                0x08001f80                __aeabi_fcmpgt
 .text          0x08001f94       0x40 c:/coocox/gnu/bin/../lib/gcc/arm-none-eabi/5.2.1/armv7e-m\libgcc.a(_arm_fixunssfsi.o)
                0x08001f94                __fixunssfsi
                0x08001f94                __aeabi_f2uiz
 *(.init)
 *(.fini)
 *crtbegin.o(.ctors)
 *crtbegin?.o(.ctors)
 *(EXCLUDE_FILE(*crtend.o *crtend?.o) .ctors)
 *(SORT(.ctors.*))
 *(.ctors)
 *crtbegin.o(.dtors)
 *crtbegin?.o(.dtors)
 *(EXCLUDE_FILE(*crtend.o *crtend?.o) .dtors)
 *(SORT(.dtors.*))
 *(.dtors)
 *(.rodata*)
 *(.eh_fram e*)

.glue_7         0x08001fd4        0x0
 .glue_7        0x08001fd4        0x0 linker stubs

.glue_7t        0x08001fd4        0x0
 .glue_7t       0x08001fd4        0x0 linker stubs

.vfp11_veneer   0x08001fd4        0x0
 .vfp11_veneer  0x08001fd4        0x0 linker stubs

.v4_bx          0x08001fd4        0x0
 .v4_bx         0x08001fd4        0x0 linker stubs

.iplt           0x08001fd4        0x0
 .iplt          0x08001fd4        0x0 ..\obj\stm32f4xx_usart.o

.rel.dyn        0x08001fd4        0x0
 .rel.iplt      0x08001fd4        0x0 ..\obj\stm32f4xx_usart.o

.ARM.extab
 *(.ARM.extab* .gnu.linkonce.armextab.*)
                0x08001fd4                __exidx_start = .

.ARM.exidx
 *(.ARM.exidx* .gnu.linkonce.armexidx.*)
                0x08001fd4                __exidx_end = .
                0x08001fd4                __etext = .
                0x08001fd4                _sidata = __etext

.data           0x20000000        0x0 load address 0x08001fd4
                0x20000000                __data_start__ = .
                0x20000000                _sdata = __data_start__
 *(vtable)
 *(.data*)
                0x20000000                . = ALIGN (0x4)
                [!provide]                PROVIDE (__preinit_array_start, .)
 *(.preinit_array)
                [!provide]                PROVIDE (__preinit_array_end, .)
                0x20000000                . = ALIGN (0x4)
                [!provide]                PROVIDE (__init_array_start, .)
 *(SORT(.init_array.*))
 *(.init_array)
                [!provide]                PROVIDE (__init_array_end, .)
                0x20000000                . = ALIGN (0x4)
                [!provide]                PROVIDE (__fini_array_start, .)
 *(SORT(.fini_array.*))
 *(.fini_array)
                [!provide]                PROVIDE (__fini_array_end, .)
 *(.jcr*)
                0x20000000                . = ALIGN (0x4)
                0x20000000                __data_end__ = .
                0x20000000                _edata = __data_end__

.igot.plt       0x20000000        0x0
 .igot.plt      0x20000000        0x0 ..\obj\stm32f4xx_usart.o

.bss            0x20000000       0x2c
                0x20000000                . = ALIGN (0x4)
                0x20000000                __bss_start__ = .
                0x20000000                _sbss = __bss_start__
 *(.bss*)
 .bss           0x20000000       0x29 ..\obj\main.o
                0x20000000                ADCValue_TACHY
                0x20000004                ADCValue_CMD
                0x20000008                DAC_Value
                0x2000000c                DAC_Buf
                0x20000010                Ve
                0x20000018                Va
                0x20000020                Vs
                0x20000028                TIM_top
 *(COMMON)
                0x2000002c                . = ALIGN (0x4)
 *fill*         0x20000029        0x3 
                0x2000002c                __bss_end__ = .
                0x2000002c                _ebss = __bss_end__

.heap           0x2000002c        0x0
                0x2000002c                __end__ = .
                0x2000002c                _end = __end__
                0x2000002c                end = __end__
 *(.heap*)
                0x2000002c                __HeapLimit = .

.co_stack       0x2000002c      0x804
                0x20000030                . = ALIGN (0x8)
 *fill*         0x2000002c        0x4 
 *(.co_stack .co_stack.*)
 .co_stack      0x20000030      0x800 ..\obj\startup_stm32f4xx.o
                0x20000030                pulStack
                0x20020000                __StackTop = (ORIGIN (ram) + LENGTH (ram))
                0x2001f7fc                __StackLimit = (__StackTop - SIZEOF (.co_stack))
                [!provide]                PROVIDE (__stack, __StackTop)
                0x00000001                ASSERT ((__StackLimit >= __HeapLimit), region ram  overflowed with stack)
LOAD ..\obj\stm32f4xx_usart.o
LOAD ..\obj\stm32f4xx_dac.o
LOAD ..\obj\startup_stm32f4xx.o
LOAD ..\obj\main.o
LOAD ..\obj\stm32f4xx_rcc.o
LOAD ..\obj\stm32f4xx_adc.o
LOAD ..\obj\printf.o
LOAD ..\obj\stm32f4xx_gpio.o
LOAD ..\obj\system_stm32f4xx.o
LOAD ..\obj\syscalls.o
LOAD ..\obj\misc.o
LOAD ..\obj\stm32f4xx_tim.o
START GROUP
LOAD c:/coocox/gnu/bin/../lib/gcc/arm-none-eabi/5.2.1/armv7e-m\libgcc.a
LOAD c:/coocox/gnu/bin/../lib/gcc/arm-none-eabi/5.2.1/../../../../arm-none-eabi/lib/armv7e-m\libg.a
LOAD c:/coocox/gnu/bin/../lib/gcc/arm-none-eabi/5.2.1/../../../../arm-none-eabi/lib/armv7e-m\libc.a
END GROUP
OUTPUT(test2.elf elf32-littlearm)

.debug_info     0x00000000     0x5841
 .debug_info    0x00000000      0x642 ..\obj\stm32f4xx_dac.o
 .debug_info    0x00000642       0xed ..\obj\startup_stm32f4xx.o
 .debug_info    0x0000072f      0xb1f ..\obj\main.o
 .debug_info    0x0000124e      0xc59 ..\obj\stm32f4xx_rcc.o
 .debug_info    0x00001ea7      0xc40 ..\obj\stm32f4xx_adc.o
 .debug_info    0x00002ae7      0x61a ..\obj\stm32f4xx_gpio.o
 .debug_info    0x00003101      0x596 ..\obj\system_stm32f4xx.o
 .debug_info    0x00003697      0x541 ..\obj\misc.o
 .debug_info    0x00003bd8     0x1c69 ..\obj\stm32f4xx_tim.o

.debug_abbrev   0x00000000      0xcdb
 .debug_abbrev  0x00000000      0x17e ..\obj\stm32f4xx_dac.o
 .debug_abbrev  0x0000017e       0xb0 ..\obj\startup_stm32f4xx.o
 .debug_abbrev  0x0000022e      0x181 ..\obj\main.o
 .debug_abbrev  0x000003af      0x1e5 ..\obj\stm32f4xx_rcc.o
 .debug_abbrev  0x00000594      0x198 ..\obj\stm32f4xx_adc.o
 .debug_abbrev  0x0000072c      0x1a7 ..\obj\stm32f4xx_gpio.o
 .debug_abbrev  0x000008d3      0x138 ..\obj\system_stm32f4xx.o
 .debug_abbrev  0x00000a0b      0x147 ..\obj\misc.o
 .debug_abbrev  0x00000b52      0x189 ..\obj\stm32f4xx_tim.o

.debug_aranges  0x00000000      0x7b8
 .debug_aranges
                0x00000000       0xa0 ..\obj\stm32f4xx_dac.o
 .debug_aranges
                0x000000a0       0x28 ..\obj\startup_stm32f4xx.o
 .debug_aranges
                0x000000c8       0x40 ..\obj\main.o
 .debug_aranges
                0x00000108      0x178 ..\obj\stm32f4xx_rcc.o
 .debug_aranges
                0x00000280      0x148 ..\obj\stm32f4xx_adc.o
 .debug_aranges
                0x000003c8       0x88 ..\obj\stm32f4xx_gpio.o
 .debug_aranges
                0x00000450       0x30 ..\obj\system_stm32f4xx.o
 .debug_aranges
                0x00000480       0x40 ..\obj\misc.o
 .debug_aranges
                0x000004c0      0x2f8 ..\obj\stm32f4xx_tim.o

.debug_ranges   0x00000000      0x728
 .debug_ranges  0x00000000       0x90 ..\obj\stm32f4xx_dac.o
 .debug_ranges  0x00000090       0x18 ..\obj\startup_stm32f4xx.o
 .debug_ranges  0x000000a8       0x30 ..\obj\main.o
 .debug_ranges  0x000000d8      0x168 ..\obj\stm32f4xx_rcc.o
 .debug_ranges  0x00000240      0x138 ..\obj\stm32f4xx_adc.o
 .debug_ranges  0x00000378       0x78 ..\obj\stm32f4xx_gpio.o
 .debug_ranges  0x000003f0       0x20 ..\obj\system_stm32f4xx.o
 .debug_ranges  0x00000410       0x30 ..\obj\misc.o
 .debug_ranges  0x00000440      0x2e8 ..\obj\stm32f4xx_tim.o

.debug_line     0x00000000     0x2808
 .debug_line    0x00000000      0x3d4 ..\obj\stm32f4xx_dac.o
 .debug_line    0x000003d4       0xcf ..\obj\startup_stm32f4xx.o
 .debug_line    0x000004a3      0x372 ..\obj\main.o
 .debug_line    0x00000815      0x627 ..\obj\stm32f4xx_rcc.o
 .debug_line    0x00000e3c      0x5df ..\obj\stm32f4xx_adc.o
 .debug_line    0x0000141b      0x3e2 ..\obj\stm32f4xx_gpio.o
 .debug_line    0x000017fd      0x208 ..\obj\system_stm32f4xx.o
 .debug_line    0x00001a05      0x2c0 ..\obj\misc.o
 .debug_line    0x00001cc5      0xb43 ..\obj\stm32f4xx_tim.o

.debug_str      0x00000000     0x2a84
 .debug_str     0x00000000      0x407 ..\obj\stm32f4xx_dac.o
                                0x481 (size before relaxing)
 .debug_str     0x00000407       0xde ..\obj\startup_stm32f4xx.o
                                0x175 (size before relaxing)
 .debug_str     0x000004e5      0xad3 ..\obj\main.o
                                0xccc (size before relaxing)
 .debug_str     0x00000fb8      0x66a ..\obj\stm32f4xx_rcc.o
                                0x87e (size before relaxing)
 .debug_str     0x00001622      0x50f ..\obj\stm32f4xx_adc.o
                                0x832 (size before relaxing)
 .debug_str     0x00001b31      0x1d1 ..\obj\stm32f4xx_gpio.o
                                0x4d1 (size before relaxing)
 .debug_str     0x00001d02      0x146 ..\obj\system_stm32f4xx.o
                                0x3d8 (size before relaxing)
 .debug_str     0x00001e48      0x188 ..\obj\misc.o
                                0x3fc (size before relaxing)
 .debug_str     0x00001fd0      0xab4 ..\obj\stm32f4xx_tim.o
                                0xdfe (size before relaxing)

.comment        0x00000000       0x6e
 .comment       0x00000000       0x6e ..\obj\stm32f4xx_dac.o
                                 0x6f (size before relaxing)
 .comment       0x0000006e       0x6f ..\obj\startup_stm32f4xx.o
 .comment       0x0000006e       0x6f ..\obj\main.o
 .comment       0x0000006e       0x6f ..\obj\stm32f4xx_rcc.o
 .comment       0x0000006e       0x6f ..\obj\stm32f4xx_adc.o
 .comment       0x0000006e       0x6f ..\obj\stm32f4xx_gpio.o
 .comment       0x0000006e       0x6f ..\obj\system_stm32f4xx.o
 .comment       0x0000006e       0x6f ..\obj\misc.o
 .comment       0x0000006e       0x6f ..\obj\stm32f4xx_tim.o

.ARM.attributes
                0x00000000       0x33
 .ARM.attributes
                0x00000000       0x33 ..\obj\stm32f4xx_dac.o
 .ARM.attributes
                0x00000033       0x33 ..\obj\startup_stm32f4xx.o
 .ARM.attributes
                0x00000066       0x33 ..\obj\main.o
 .ARM.attributes
                0x00000099       0x33 ..\obj\stm32f4xx_rcc.o
 .ARM.attributes
                0x000000cc       0x33 ..\obj\stm32f4xx_adc.o
 .ARM.attributes
                0x000000ff       0x33 ..\obj\stm32f4xx_gpio.o
 .ARM.attributes
                0x00000132       0x33 ..\obj\system_stm32f4xx.o
 .ARM.attributes
                0x00000165       0x33 ..\obj\misc.o
 .ARM.attributes
                0x00000198       0x33 ..\obj\stm32f4xx_tim.o
 .ARM.attributes
                0x000001cb       0x1e c:/coocox/gnu/bin/../lib/gcc/arm-none-eabi/5.2.1/armv7e-m\libgcc.a(_arm_addsubdf3.o)
 .ARM.attributes
                0x000001e9       0x1e c:/coocox/gnu/bin/../lib/gcc/arm-none-eabi/5.2.1/armv7e-m\libgcc.a(_arm_muldivdf3.o)
 .ARM.attributes
                0x00000207       0x1e c:/coocox/gnu/bin/../lib/gcc/arm-none-eabi/5.2.1/armv7e-m\libgcc.a(_arm_truncdfsf2.o)
 .ARM.attributes
                0x00000225       0x1e c:/coocox/gnu/bin/../lib/gcc/arm-none-eabi/5.2.1/armv7e-m\libgcc.a(_arm_addsubsf3.o)
 .ARM.attributes
                0x00000243       0x1e c:/coocox/gnu/bin/../lib/gcc/arm-none-eabi/5.2.1/armv7e-m\libgcc.a(_arm_muldivsf3.o)
 .ARM.attributes
                0x00000261       0x1e c:/coocox/gnu/bin/../lib/gcc/arm-none-eabi/5.2.1/armv7e-m\libgcc.a(_arm_cmpsf2.o)
 .ARM.attributes
                0x0000027f       0x1e c:/coocox/gnu/bin/../lib/gcc/arm-none-eabi/5.2.1/armv7e-m\libgcc.a(_arm_fixunssfsi.o)

.debug_frame    0x00000000     0x2254
 .debug_frame   0x00000000      0x2ac ..\obj\stm32f4xx_dac.o
 .debug_frame   0x000002ac       0x4c ..\obj\startup_stm32f4xx.o
 .debug_frame   0x000002f8       0xb8 ..\obj\main.o
 .debug_frame   0x000003b0      0x6d4 ..\obj\stm32f4xx_rcc.o
 .debug_frame   0x00000a84      0x5ec ..\obj\stm32f4xx_adc.o
 .debug_frame   0x00001070      0x23c ..\obj\stm32f4xx_gpio.o
 .debug_frame   0x000012ac       0x7c ..\obj\system_stm32f4xx.o
 .debug_frame   0x00001328       0xd8 ..\obj\misc.o
 .debug_frame   0x00001400      0xe54 ..\obj\stm32f4xx_tim.o
